[root@jck-deployment-yacs-18303-18295-764103-fb9684867-2lvhf /]# jstat -gcutil 26 1000
  S0     S1     E      O      M     CCS    YGC     YGCT    FGC    FGCT     GCT
  0.00  62.14  11.73  85.53  85.27  80.53  45308 1308.914    43   39.367 1348.280
  0.00  62.14  32.89  85.53  85.27  80.53  45308 1308.914    43   39.367 1348.280
  0.00  62.14  63.54  85.53  85.27  80.53  45308 1308.914    43   39.367 1348.280
 26.53   0.00   0.00  85.62  85.27  80.53  45309 1308.944    43   39.367 1348.311
 26.53   0.00  39.86  85.62  85.27  80.53  45309 1308.944    43   39.367 1348.311
 26.53   0.00  60.57  85.62  85.27  80.53  45309 1308.944    43   39.367 1348.311
 26.53   0.00  85.57  85.62  85.27  80.53  45309 1308.944    43   39.367 1348.311
 26.53   0.00  93.52  85.62  85.27  80.53  45309 1308.944    43   39.367 1348.311
 26.53   0.00  98.43  85.62  85.27  80.53  45309 1308.944    43   39.367 1348.311
  0.00  11.88   5.80  85.66  85.27  80.53  45310 1308.968    43   39.367 1348.335
  0.00  11.88  13.62  85.66  85.27  80.53  45310 1308.968    43   39.367 1348.335
  0.00  11.88  22.51  85.66  85.27  80.53  45310 1308.968    43   39.367 1348.335
  0.00  11.88  46.71  85.66  85.27  80.53  45310 1308.968    43   39.367 1348.335
  0.00  11.88  56.04  85.66  85.27  80.53  45310 1308.968    43   39.367 1348.335
  0.00  11.88  64.90  85.66  85.27  80.53  45310 1308.968    43   39.367 1348.335
  0.00  11.88  92.13  85.66  85.27  80.53  45310 1308.968    43   39.367 1348.335
 31.57   0.00  44.29  85.70  85.27  80.53  45311 1308.997    43   39.367 1348.363
 31.57   0.00  97.97  85.70  85.27  80.53  45311 1308.997    43   39.367 1348.363
  0.00   7.12  41.70  85.78  85.27  80.53  45312 1309.021    43   39.367 1348.388
  0.00   7.12  76.91  85.78  85.27  80.53  45312 1309.021    43   39.367 1348.388
 43.64   0.00   9.77  85.80  85.27  80.53  45313 1309.054    43   39.367 1348.421


 ==================================================================================

分析：
 年轻代（Eden区和survivor区）都在正常的进行垃圾回收，老年代和MetaSpace已经占用了85%的空间
 YoungGC 从服务器启动到现在已经进行了 45313 次，共耗时1309.054秒，平均一次YoungGC耗时0.02秒
 FullGC 从服务器启动到现在共进行了43次，共耗时39.367秒，平均一次FullGC耗时约0.9秒，一次FullGC的时间大概到达1秒左右，时间偏长
  GC 总共耗时 1348.421 秒

 从S0和S1区的内存占用情况，可以看到，S0和S1两个区会交替出现内存占用为0的情况。
 这是由于年轻代的垃圾回收遵循的是复制算法，也就是Eden区的存活对象 + S0的对象复制到S1区，然后清理掉Eden的可回收对象和S0的对象。
 之后是从S1到S0反过来进行复制

改进方案：
 结合我们用的是ParallelGC，FullGC可能会出现1秒左右的STW，此时用户可能会有些卡顿感。
 我们的堆大小偏大一些，有4个多G，如果可以减少一些，比如3个G，那么就可能减小一点FullGC的时间
 或者改为使用CMS的垃圾回收器，也可以减少用户的卡顿感，但是CMS可能会降低吞吐量，对于我们这样对于吞吐量有一定要求的系统而言，也许并非合适
 具体需要使用什么垃圾收集器，还需要使用性能压测之后才能决定
