正在执行...
[GC (Allocation Failure) [ParNew: 279616K->34943K(314560K), 0.0131390 secs] 279616K->91665K(1013632K), 0.0133541 secs] [Times: user=0.05 sys=0.05, real=0.01 secs]
[GC (Allocation Failure) [ParNew: 314559K->34943K(314560K), 0.0165907 secs] 371281K->170825K(1013632K), 0.0168595 secs] [Times: user=0.05 sys=0.05, real=0.02 secs]
[GC (Allocation Failure) [ParNew: 314559K->34942K(314560K), 0.0328179 secs] 450441K->251289K(1013632K), 0.0330657 secs] [Times: user=0.16 sys=0.00, real=0.03 secs]
[GC (Allocation Failure) [ParNew: 314558K->34944K(314560K), 0.0317891 secs] 530905K->330388K(1013632K), 0.0320314 secs] [Times: user=0.16 sys=0.03, real=0.03 secs]
[GC (Allocation Failure) [ParNew: 314560K->34944K(314560K), 0.0320021 secs] 610004K->408140K(1013632K), 0.0321489 secs] [Times: user=0.19 sys=0.00, real=0.03 secs]
[GC (CMS Initial Mark) [1 CMS-initial-mark: 373196K(699072K)] 408335K(1013632K), 0.0005374 secs] [Times: user=0.00 sys=0.00, real=0.00 secs]
[CMS-concurrent-mark-start]
[CMS-concurrent-mark: 0.003/0.003 secs] [Times: user=0.00 sys=0.00, real=0.00 secs]
[CMS-concurrent-preclean-start]
[CMS-concurrent-preclean: 0.001/0.001 secs] [Times: user=0.00 sys=0.00, real=0.00 secs]
[CMS-concurrent-abortable-preclean-start]
[GC (Allocation Failure) [ParNew: 314560K->34944K(314560K), 0.0324086 secs] 687756K->487300K(1013632K), 0.0325040 secs] [Times: user=0.16 sys=0.03, real=0.03 secs]
[GC (Allocation Failure) [ParNew: 314560K->34944K(314560K), 0.0337314 secs] 766916K->565059K(1013632K), 0.0338606 secs] [Times: user=0.13 sys=0.03, real=0.03 secs]
[GC (Allocation Failure) [ParNew: 314560K->34942K(314560K), 0.0343562 secs] 844675K->638714K(1013632K), 0.0344592 secs] [Times: user=0.16 sys=0.03, real=0.03 secs]
[GC (Allocation Failure) [ParNew: 314558K->34944K(314560K), 0.0397991 secs] 918330K->725115K(1013632K), 0.0399015 secs] [Times: user=0.22 sys=0.05, real=0.04 secs]
[CMS-concurrent-abortable-preclean: 0.005/0.257 secs] [Times: user=0.78 sys=0.14, real=0.26 secs]
[GC (CMS Final Remark) [YG occupancy: 40800 K (314560 K)][Rescan (parallel) , 0.0002696 secs][weak refs processing, 0.0000196 secs][class unloading, 0.0004436 secs][scrub symbol table, 0.0002728 secs][scrub string table, 0.0000918 secs][1 CMS-remark: 690171K(699072K)] 730971K(1013632K), 0.0017564 secs] [Times: user=0.00 sys=0.00, real=0.00 secs]
[CMS-concurrent-sweep-start]
[CMS-concurrent-sweep: 0.001/0.001 secs] [Times: user=0.00 sys=0.00, real=0.00 secs]
[CMS-concurrent-reset-start]
[CMS-concurrent-reset: 0.001/0.001 secs] [Times: user=0.00 sys=0.00, real=0.00 secs]
[GC (Allocation Failure) [ParNew: 314560K->34944K(314560K), 0.0140421 secs] 864947K->666072K(1013632K), 0.0141376 secs] [Times: user=0.09 sys=0.00, real=0.01 secs]
[GC (CMS Initial Mark) [1 CMS-initial-mark: 631128K(699072K)] 666216K(1013632K), 0.0003866 secs] [Times: user=0.00 sys=0.00, real=0.00 secs]
[CMS-concurrent-mark-start]
[CMS-concurrent-mark: 0.001/0.001 secs] [Times: user=0.00 sys=0.00, real=0.00 secs]
[CMS-concurrent-preclean-start]
[CMS-concurrent-preclean: 0.001/0.001 secs] [Times: user=0.00 sys=0.00, real=0.00 secs]
[CMS-concurrent-abortable-preclean-start]
[CMS-concurrent-abortable-preclean: 0.000/0.000 secs] [Times: user=0.00 sys=0.00, real=0.00 secs]
[GC (CMS Final Remark) [YG occupancy: 89042 K (314560 K)][Rescan (parallel) , 0.0002549 secs][weak refs processing, 0.0000200 secs][class unloading, 0.0004403 secs][scrub symbol table, 0.0002682 secs][scrub string table, 0.0000911 secs][1 CMS-remark: 631128K(699072K)] 720171K(1013632K), 0.0016988 secs] [Times: user=0.00 sys=0.00, real=0.00 secs]
[CMS-concurrent-sweep-start]
[CMS-concurrent-sweep: 0.002/0.002 secs] [Times: user=0.00 sys=0.00, real=0.00 secs]
[CMS-concurrent-reset-start]
[CMS-concurrent-reset: 0.000/0.000 secs] [Times: user=0.00 sys=0.00, real=0.00 secs]
[GC (Allocation Failure) [ParNew: 314560K->34943K(314560K), 0.0146282 secs] 625777K->428029K(1013632K), 0.0147170 secs] [Times: user=0.09 sys=0.00, real=0.02 secs]
[GC (CMS Initial Mark) [1 CMS-initial-mark: 393085K(699072K)] 428375K(1013632K), 0.0003220 secs] [Times: user=0.00 sys=0.00, real=0.00 secs]
[CMS-concurrent-mark-start]
[CMS-concurrent-mark: 0.001/0.001 secs] [Times: user=0.00 sys=0.00, real=0.00 secs]
[CMS-concurrent-preclean-start]
[CMS-concurrent-preclean: 0.001/0.001 secs] [Times: user=0.00 sys=0.00, real=0.00 secs]
[CMS-concurrent-abortable-preclean-start]
[GC (Allocation Failure) [ParNew: 314559K->34943K(314560K), 0.0137705 secs] 707645K->501191K(1013632K), 0.0138673 secs] [Times: user=0.09 sys=0.00, real=0.01 secs]
[GC (Allocation Failure) [ParNew: 314559K->34943K(314560K), 0.0131272 secs] 780807K->577059K(1013632K), 0.0132828 secs] [Times: user=0.09 sys=0.00, real=0.01 secs]
[GC (Allocation Failure) [ParNew: 314559K->34942K(314560K), 0.0140799 secs] 856675K->655194K(1013632K), 0.0143615 secs] [Times: user=0.09 sys=0.00, real=0.02 secs]
[GC (Allocation Failure) [ParNew: 314558K->314558K(314560K), 0.0004677 secs][CMS[CMS-concurrent-abortable-preclean: 0.006/0.164 secs] [Times: user=0.41 sys=0.00, real=0.16 secs]
 (concurrent mode failure): 620252K->356730K(699072K), 0.0448490 secs] 934810K->356730K(1013632K), [Metaspace: 2712K->2712K(1056768K)], 0.0462375 secs] [Times: user=0.05 sys=0.00, real=0.05 secs]
[GC (Allocation Failure) [ParNew: 279616K->34943K(314560K), 0.0108254 secs] 636346K->445417K(1013632K), 0.0110854 secs] [Times: user=0.00 sys=0.00, real=0.01 secs]
执行结束!共生成对象次数:17596
Heap
 par new generation   total 314560K, used 187495K [0x00000000c0000000, 0x00000000d5550000, 0x00000000d5550000)
  eden space 279616K,  54% used [0x00000000c0000000, 0x00000000c94fa150, 0x00000000d1110000)
  from space 34944K,  99% used [0x00000000d3330000, 0x00000000d554fe60, 0x00000000d5550000)
  to   space 34944K,   0% used [0x00000000d1110000, 0x00000000d1110000, 0x00000000d3330000)
 concurrent mark-sweep generation total 699072K, used 410474K [0x00000000d5550000, 0x0000000100000000, 0x0000000100000000)
 Metaspace       used 2719K, capacity 4486K, committed 4864K, reserved 1056768K
  class space    used 297K, capacity 386K, committed 512K, reserved 1048576K
===========================================================================================



正在执行...
[GC (Allocation Failure) [ParNew: 408566K->51071K(460096K), 0.0189638 secs] 408566K->124142K(3094656K), 0.0193953 secs] [Times: user=0.03 sys=0.06, real=0.02 secs]
[GC (Allocation Failure) [ParNew: 460095K->51072K(460096K), 0.0218773 secs] 533166K->227802K(3094656K), 0.0221047 secs] [Times: user=0.03 sys=0.06, real=0.02 secs]
[GC (Allocation Failure) [ParNew: 460096K->51072K(460096K), 0.0495751 secs] 636826K->346420K(3094656K), 0.0498553 secs] [Times: user=0.25 sys=0.02, real=0.05 secs]
[GC (Allocation Failure) [ParNew: 460096K->51072K(460096K), 0.0435913 secs] 755444K->452476K(3094656K), 0.0437975 secs] [Times: user=0.25 sys=0.03, real=0.04 secs]
[GC (Allocation Failure) [ParNew: 460096K->51072K(460096K), 0.0457359 secs] 861500K->564153K(3094656K), 0.0458395 secs] [Times: user=0.25 sys=0.03, real=0.05 secs]
[GC (Allocation Failure) [ParNew: 460096K->51072K(460096K), 0.0432755 secs] 973177K->671341K(3094656K), 0.0433735 secs] [Times: user=0.25 sys=0.03, real=0.04 secs]
[GC (Allocation Failure) [ParNew: 460096K->51072K(460096K), 0.0434810 secs] 1080365K->773318K(3094656K), 0.0435779 secs] [Times: user=0.17 sys=0.01, real=0.04 secs]
[GC (Allocation Failure) [ParNew: 460096K->51072K(460096K), 0.0424498 secs] 1182342K->873503K(3094656K), 0.0425516 secs] [Times: user=0.26 sys=0.02, real=0.04 secs]
[GC (Allocation Failure) [ParNew: 460096K->51072K(460096K), 0.0456491 secs] 1282527K->983134K(3094656K), 0.0457649 secs] [Times: user=0.19 sys=0.09, real=0.05 secs]
[GC (Allocation Failure) [ParNew: 460096K->51072K(460096K), 0.0505232 secs] 1392158K->1109889K(3094656K), 0.0506421 secs] [Times: user=0.19 sys=0.03, real=0.05 secs]
执行结束!共生成对象次数:16884
Heap
 par new generation   total 460096K, used 454321K [0x0000000700000000, 0x000000071f330000, 0x000000071f330000)
  eden space 409024K,  98% used [0x0000000700000000, 0x00000007189cc5d0, 0x0000000718f70000)
  from space 51072K, 100% used [0x0000000718f70000, 0x000000071c150000, 0x000000071c150000)
  to   space 51072K,   0% used [0x000000071c150000, 0x000000071c150000, 0x000000071f330000)
 concurrent mark-sweep generation total 2634560K, used 1058817K [0x000000071f330000, 0x00000007c0000000, 0x00000007c0000000)
 Metaspace       used 2719K, capacity 4486K, committed 4864K, reserved 1056768K
  class space    used 297K, capacity 386K, committed 512K, reserved 1048576K