[GC (Allocation Failure) [PSYoungGen: 261807K->43516K(305664K)] 261807K->87833K(1005056K), 0.0113449 secs] [Times: user=0.00 sys=0.00, real=0.01 secs]
[GC (Allocation Failure) [PSYoungGen: 305660K->43507K(305664K)] 349977K->162868K(1005056K), 0.0151845 secs] [Times: user=0.00 sys=0.09, real=0.01 secs]
[GC (Allocation Failure) [PSYoungGen: 305651K->43511K(305664K)] 425012K->233138K(1005056K), 0.0138141 secs] [Times: user=0.00 sys=0.09, real=0.01 secs]
[GC (Allocation Failure) [PSYoungGen: 305655K->43507K(305664K)] 495282K->304139K(1005056K), 0.0137322 secs] [Times: user=0.00 sys=0.00, real=0.01 secs]
[GC (Allocation Failure) [PSYoungGen: 305651K->43514K(305664K)] 566283K->376198K(1005056K), 0.0138275 secs] [Times: user=0.09 sys=0.00, real=0.01 secs]
[GC (Allocation Failure) [PSYoungGen: 305608K->43505K(160256K)] 638292K->446578K(859648K), 0.0153860 secs] [Times: user=0.02 sys=0.08, real=0.02 secs]
[GC (Allocation Failure) [PSYoungGen: 160241K->66284K(232960K)] 563314K->478955K(932352K), 0.0081765 secs] [Times: user=0.00 sys=0.00, real=0.01 secs]
[GC (Allocation Failure) [PSYoungGen: 183013K->93181K(232960K)] 595685K->514494K(932352K), 0.0108709 secs] [Times: user=0.09 sys=0.00, real=0.01 secs]
[GC (Allocation Failure) [PSYoungGen: 209917K->103807K(232960K)] 631230K->542710K(932352K), 0.0127575 secs] [Times: user=0.00 sys=0.00, real=0.01 secs]
[GC (Allocation Failure) [PSYoungGen: 220489K->73150K(232960K)] 659392K->573155K(932352K), 0.0163418 secs] [Times: user=0.06 sys=0.02, real=0.02 secs]
[GC (Allocation Failure) [PSYoungGen: 189810K->35049K(232960K)] 689815K->599379K(932352K), 0.0145714 secs] [Times: user=0.06 sys=0.02, real=0.02 secs]
[GC (Allocation Failure) [PSYoungGen: 151785K->40817K(232960K)] 716115K->636241K(932352K), 0.0101475 secs] [Times: user=0.05 sys=0.00, real=0.01 secs]
[GC (Allocation Failure) [PSYoungGen: 157553K->36442K(232960K)] 752977K->668937K(932352K), 0.0118180 secs] [Times: user=0.00 sys=0.00, real=0.01 secs]
[Full GC (Ergonomics) [PSYoungGen: 36442K->0K(232960K)] [ParOldGen: 632494K->326453K(699392K)] 668937K->326453K(932352K), [Metaspace: 2712K->2712K(1056768K)], 0.0401670 secs] [Times: user=0.17 sys=0.00, real=0.04 secs]
[GC (Allocation Failure) [PSYoungGen: 116736K->38856K(232960K)] 443189K->365309K(932352K), 0.0042482 secs] [Times: user=0.00 sys=0.00, real=0.00 secs]
[GC (Allocation Failure) [PSYoungGen: 155592K->40679K(232960K)] 482045K->402456K(932352K), 0.0073151 secs] [Times: user=0.00 sys=0.00, real=0.01 secs]
[GC (Allocation Failure) [PSYoungGen: 157415K->37851K(232960K)] 519192K->434761K(932352K), 0.0072601 secs] [Times: user=0.00 sys=0.00, real=0.01 secs]
[GC (Allocation Failure) [PSYoungGen: 154587K->34454K(232960K)] 551497K->465959K(932352K), 0.0080715 secs] [Times: user=0.09 sys=0.00, real=0.01 secs]
[GC (Allocation Failure) [PSYoungGen: 151190K->40466K(232960K)] 582695K->503355K(932352K), 0.0079372 secs] [Times: user=0.00 sys=0.00, real=0.01 secs]
[GC (Allocation Failure) [PSYoungGen: 157202K->36523K(232960K)] 620091K->534451K(932352K), 0.0073430 secs] [Times: user=0.09 sys=0.00, real=0.01 secs]
[GC (Allocation Failure) [PSYoungGen: 153259K->39170K(232960K)] 651187K->569488K(932352K), 0.0075000 secs] [Times: user=0.09 sys=0.00, real=0.01 secs]
[GC (Allocation Failure) [PSYoungGen: 155906K->39573K(232960K)] 686224K->605430K(932352K), 0.0085302 secs] [Times: user=0.00 sys=0.00, real=0.01 secs]
[GC (Allocation Failure) [PSYoungGen: 156309K->38471K(232960K)] 722166K->641740K(932352K), 0.0082973 secs] [Times: user=0.09 sys=0.00, real=0.01 secs]
[GC (Allocation Failure) [PSYoungGen: 154975K->39217K(232960K)] 758244K->676115K(932352K), 0.0083171 secs] [Times: user=0.09 sys=0.00, real=0.01 secs]
[Full GC (Ergonomics) [PSYoungGen: 39217K->0K(232960K)] [ParOldGen: 636898K->357209K(699392K)] 676115K->357209K(932352K), [Metaspace: 2712K->2712K(1056768K)], 0.0391196 secs] [Times: user=0.19 sys=0.00, real=0.04 secs]
[GC (Allocation Failure) [PSYoungGen: 116736K->42471K(232960K)] 473945K->399680K(932352K), 0.0055808 secs] [Times: user=0.09 sys=0.00, real=0.00 secs]
[GC (Allocation Failure) [PSYoungGen: 159207K->39089K(232960K)] 516416K->435107K(932352K), 0.0085255 secs] [Times: user=0.09 sys=0.00, real=0.01 secs]
[GC (Allocation Failure) [PSYoungGen: 155825K->32655K(237568K)] 551843K->463422K(936960K), 0.0070799 secs] [Times: user=0.00 sys=0.00, real=0.01 secs]
[GC (Allocation Failure) [PSYoungGen: 155535K->40593K(234496K)] 586302K->501776K(933888K), 0.0072921 secs] [Times: user=0.09 sys=0.00, real=0.01 secs]
[GC (Allocation Failure) [PSYoungGen: 163473K->43006K(246784K)] 624656K->537497K(946176K), 0.0090544 secs] [Times: user=0.09 sys=0.00, real=0.01 secs]
[GC (Allocation Failure) [PSYoungGen: 182782K->43265K(242176K)] 677273K->573421K(941568K), 0.0078915 secs] [Times: user=0.09 sys=0.00, real=0.01 secs]
[GC (Allocation Failure) [PSYoungGen: 183041K->49151K(256000K)] 713197K->618526K(955392K), 0.0093981 secs] [Times: user=0.09 sys=0.00, real=0.01 secs]
[GC (Allocation Failure) [PSYoungGen: 207359K->58728K(251392K)] 776734K->671636K(950784K), 0.0098870 secs] [Times: user=0.09 sys=0.00, real=0.01 secs]
[GC (Allocation Failure) [PSYoungGen: 216936K->51950K(259584K)] 829844K->716249K(958976K), 0.0121500 secs] [Times: user=0.06 sys=0.03, real=0.01 secs]
[Full GC (Ergonomics) [PSYoungGen: 51950K->0K(259584K)] [ParOldGen: 664298K->374857K(699392K)] 716249K->374857K(958976K), [Metaspace: 2712K->2712K(1056768K)], 0.0436792 secs] [Times: user=0.19 sys=0.00, real=0.04 secs]
执行结束!共生成对象次数:18093
Heap
 PSYoungGen      total 259584K, used 6924K [0x00000000eab00000, 0x0000000100000000, 0x0000000100000000)
  eden space 166912K, 4% used [0x00000000eab00000,0x00000000eb1c30e8,0x00000000f4e00000)
  from space 92672K, 0% used [0x00000000fa580000,0x00000000fa580000,0x0000000100000000)
  to   space 89600K, 0% used [0x00000000f4e00000,0x00000000f4e00000,0x00000000fa580000)
 ParOldGen       total 699392K, used 374857K [0x00000000c0000000, 0x00000000eab00000, 0x00000000eab00000)
  object space 699392K, 53% used [0x00000000c0000000,0x00000000d6e12780,0x00000000eab00000)
 Metaspace       used 2718K, capacity 4486K, committed 4864K, reserved 1056768K
  class space    used 297K, capacity 386K, committed 512K, reserved 1048576K
===========================================================================================


